---
source: crates/flowctl-tui/tests/snapshot_tests.rs
assertion_line: 243
expression: output
---
┌ Task Progress ──────────────────────────────────────┐┌ Throughput (tasks/week) ──────────────────┐
│███████Tasks: 10/15 done, 3 running, 1 blocked       ││ █                                         │
└─────────────────────────────────────────────────────┘│ █                                         │
┌ Epic Progress ──────────────────────────────────────┐│ █                                         │
│███████████████Epics: 2/3 done, 1 open               ││ █                                         │
└─────────────────────────────────────────────────────┘│ █▅                                        │
  Events: 42    Tokens: 1.5M    Cost: $2.3500          │▂██                                        │
                                                       │███                                        │
                                                       │███                                        │
                                                       │███                                        │
                                                       │███                                        │
                                                       └───────────────────────────────────────────┘
┌ Completed Tasks (weekly) ──────────────────────┐┌ Token Usage ───────────────────────────────────┐
│      █████                                     ││Epic            Model             Input     Outp│
│      █████                                     ││fn-1-test       claude-s...      800.0K     200.│
│      █████                                     ││                                                │
│      █████ ▁▁▁▁▁                               ││                                                │
│      █████ █████                               ││                                                │
│▆▆▆▆▆ █████ █████                               ││                                                │
│█████ █████ █████                               ││                                                │
│█████ █████ █████                               ││                                                │
│██3██ ██7██ ██4██                               ││                                                │
│ W01   W02   W03                                ││                                                │
└────────────────────────────────────────────────┘└────────────────────────────────────────────────┘
