---
source: crates/flowctl-tui/tests/snapshot_tests.rs
assertion_line: 203
expression: output
---
┌ Stats ───────────────────────────────────────────────────────────────────────┐
│                                                                              │
│  No statistics available                                                     │
│                                                                              │
│  Completion rates, velocity, and burndown will show here                     │
│                                                                              │
│                                                                              │
│                                                                              │
│                                                                              │
│                                                                              │
│                                                                              │
│                                                                              │
│                                                                              │
│                                                                              │
│                                                                              │
│                                                                              │
│                                                                              │
│                                                                              │
│                                                                              │
└──────────────────────────────────────────────────────────────────────────────┘
