---
source: crates/flowctl-tui/tests/snapshot_tests.rs
assertion_line: 192
expression: output
---
 Filter: [x]ERR [x]WRN [x]INF [ ]DBG   (4/4) AUTO
┌ Logs (4) ────────────────────────────────────────────────┐┌ Detail ──────────────────────────────┐
│  [INF] 10:30:00 [INF] task_started fn-1-test.1           ││ID:        4                          │
│  [INF] 10:35:00 [INF] task_completed fn-1-test.1         ││Time:      2025-01-15T10:37:00.000Z   │
│  [ERR] 10:36:00 [ERR] task_failed fn-1-test.2            ││Level:     WRN                        │
│> [WRN] 10:37:00 [WRN] task_blocked fn-1-test.2           ││Type:      task_blocked               │
│                                                          ││Epic:      fn-1-test                  │
│                                                          ││Task:      fn-1-test.2                │
│                                                          ││Actor:     -                          │
│                                                          ││                                      │
│                                                          ││Payload:                              │
│                                                          ││  waiting on review                   │
│                                                          ││                                      │
│                                                          ││                                      │
│                                                          ││                                      │
│                                                          ││                                      │
│                                                          ││                                      │
│                                                          ││                                      │
│                                                          ││                                      │
└──────────────────────────────────────────────────────────┘└──────────────────────────────────────┘
