---
source: crates/flowctl-tui/tests/snapshot_tests.rs
assertion_line: 269
expression: output
---
┌ flowctl ─────────────────────────────────────────────────────────────────────────────────────────┐
│  Tasks  |  DAG  |  Logs  |  Stats                                                                │
└──────────────────────────────────────────────────────────────────────────────────────────────────┘
┌ Tasks ───────────────────────────────────────────────────────────────────────────────────────────┐
│                                                                                                  │
│  No tasks loaded                                                                                 │
│                                                                                                  │
│  Run flowctl in a project with .flow/ to see tasks                                               │
│                                                                                                  │
│                                                                                                  │
│                                                                                                  │
│                                                                                                  │
│                                                                                                  │
│                                                                                                  │
│                                                                                                  │
│                                                                                                  │
│                                                                                                  │
│                                                                                                  │
│                                                                                                  │
│                                                                                                  │
│                                                                                                  │
│                                                                                                  │
│                                                                                                  │
│                                                                                                  │
│                                                                                                  │
│                                                                                                  │
│                                                                                                  │
│                                                                                                  │
└──────────────────────────────────────────────────────────────────────────────────────────────────┘
 1-4:tab  Tab:next  q:quit  |  j/k:navigate  Enter:details  /:search  s:sort  S:reverse
